// Jest Snapshot v1, https://goo.gl/fbAQLP

exports[`CurationsCollection Render without crashing 1`] = `
<p>
  No Curations Found
</p>
`;
