// Jest Snapshot v1, https://goo.gl/fbAQLP

exports[`EditCuration: default 1`] = `
<div
  className="ui two column grid"
>
  <div
    className="row"
  >
    <div
      className="ten wide column"
    >
      <div
        className="ui items"
      >
        <div
          className="item"
        >
          <div
            className="ui small image"
            href={undefined}
          >
            <img
              src="http://fpoimg.com/200x200"
            />
          </div>
          <div
            className="content"
          >
            <div
              className="header"
            >
              Handmade McLaughlin Station
            </div>
            <div
              className="description"
            >
              <p>
                The JSON monitor is down, parse the back-end microchip so we can parse the RAM application!
              </p>
              <strong>
                Tracks:
              </strong>
               
              <em>
                user-centric repurpose portals, bleeding-edge unleash deliverables, global brand networks, sticky productize ROI, innovative envisioneer deliverables
              </em>
            </div>
          </div>
        </div>
      </div>
    </div>
    <div
      className="six wide column"
    >
      <form
        action={undefined}
        className="ui form"
        onSubmit={[Function]}
      >
        <div
          className="fields"
        >
          <div
            className="field"
          >
            <button
              className="ui red button"
              disabled={undefined}
              onClick={[Function]}
              required={undefined}
              role="button"
              tabIndex={undefined}
              type={undefined}
            >
              Save Curations
            </button>
          </div>
          <div
            className="field"
          >
            <div
              aria-busy={undefined}
              aria-disabled={undefined}
              aria-expanded={false}
              aria-multiselectable={undefined}
              className="ui selection dropdown"
              content={undefined}
              onBlur={[Function]}
              onChange={[Function]}
              onClick={[Function]}
              onFocus={[Function]}
              onMouseDown={[Function]}
              required={undefined}
              role="listbox"
              tabIndex={0}
              type={undefined}
            >
              <div
                aria-live="polite"
                className="default text"
                role="alert"
              >
                DRAFT
              </div>
              <i
                aria-hidden="true"
                className="dropdown icon"
                onClick={[Function]}
              />
              <div
                className="menu transition"
              >
                <div
                  aria-checked={false}
                  aria-disabled={undefined}
                  aria-selected={true}
                  className="selected item"
                  onClick={[Function]}
                  role="option"
                  style={
                    Object {
                      "pointerEvents": "all",
                    }
                  }
                >
                  <span
                    className="text"
                  >
                    Draft
                  </span>
                </div>
                <div
                  aria-checked={false}
                  aria-disabled={undefined}
                  aria-selected={false}
                  className="item"
                  onClick={[Function]}
                  role="option"
                  style={
                    Object {
                      "pointerEvents": "all",
                    }
                  }
                >
                  <span
                    className="text"
                  >
                    Published
                  </span>
                </div>
              </div>
            </div>
          </div>
        </div>
        <p>
          <strong>
            Schedule
          </strong>
        </p>
        <div
          className="fields"
        >
          <div
            className="eight wide field"
          >
            <div
              className="ui left icon input"
              content={undefined}
            >
              <input
                disabled={undefined}
                id="date-start"
                onChange={[Function]}
                required={undefined}
                tabIndex={undefined}
                type="date"
              />
              <i
                aria-hidden="true"
                className="calendar outline icon"
              />
            </div>
          </div>
          <div
            className="eight wide field"
          >
            <div
              className="ui left icon input"
              content={undefined}
            >
              <input
                disabled={undefined}
                id="date-end"
                onChange={[Function]}
                required={undefined}
                tabIndex={undefined}
                type="date"
              />
              <i
                aria-hidden="true"
                className="calendar outline icon"
              />
            </div>
          </div>
        </div>
        <div
          className="field"
        >
          <label
            htmlFor="date-start"
          >
            Recommended Time Slot
          </label>
          <div
            className="ui input"
            content={undefined}
          >
            <input
              disabled={undefined}
              id="date-start"
              max="24"
              min="0"
              onChange={[Function]}
              required={undefined}
              step="1"
              tabIndex={undefined}
              type="range"
            />
          </div>
        </div>
        <div
          className="field"
        >
          <label
            htmlFor={undefined}
          >
            Environment
          </label>
          <div
            aria-busy={undefined}
            aria-disabled={undefined}
            aria-expanded={false}
            aria-multiselectable={undefined}
            className="ui selection dropdown"
            content={undefined}
            onBlur={[Function]}
            onChange={[Function]}
            onClick={[Function]}
            onFocus={[Function]}
            onMouseDown={[Function]}
            required={undefined}
            role="listbox"
            tabIndex={0}
            type={undefined}
          >
            <div
              aria-live="polite"
              className="default text"
              role="alert"
            >
              Copy to
            </div>
            <i
              aria-hidden="true"
              className="dropdown icon"
              onClick={[Function]}
            />
            <div
              className="menu transition"
            >
              <div
                aria-checked={false}
                aria-disabled={undefined}
                aria-selected={true}
                className="selected item"
                onClick={[Function]}
                role="option"
                style={
                  Object {
                    "pointerEvents": "all",
                  }
                }
              >
                <span
                  className="text"
                >
                  Production
                </span>
              </div>
              <div
                aria-checked={false}
                aria-disabled={undefined}
                aria-selected={false}
                className="item"
                onClick={[Function]}
                role="option"
                style={
                  Object {
                    "pointerEvents": "all",
                  }
                }
              >
                <span
                  className="text"
                >
                  Development
                </span>
              </div>
            </div>
          </div>
        </div>
      </form>
    </div>
  </div>
</div>
`;
