// Jest Snapshot v1, https://goo.gl/fbAQLP

exports[`AppContainer renders without crashing 1`] = `
<div
  className="App"
>
  <header
    className="App-header"
  >
    <h1
      className="App-title"
    >
      Music Curation
    </h1>
  </header>
  <h1>
    undefined - undefined
    <img
      src={undefined}
      style={
        Object {
          "height": "120px",
        }
      }
    />
  </h1>
</div>
`;
