// Jest Snapshot v1, https://goo.gl/fbAQLP

exports[`AddTags: default 1`] = `
<div>
  <h5
    className="ui header"
  >
    Tags
  </h5>
  <div>
    <p>
      Add Tags
    </p>
    <span>
      No tags
    </span>
  </div>
</div>
`;
