// Jest Snapshot v1, https://goo.gl/fbAQLP

exports[`Curation: default 1`] = `
<div
  className="item"
>
  <div
    className="ui small image"
    href={undefined}
  >
    <img
      src="http://fpoimg.com/200x200"
    />
  </div>
  <div
    className="content"
  >
    <div
      className="header"
    >
      Ergonomic Harber Pike
    </div>
    <div
      className="description"
    >
      <p>
        Try to input the GB array, maybe it will copy the haptic firewall!
      </p>
      <strong>
        Tracks:
      </strong>
       
      <em>
        clicks-and-mortar envisioneer portals, bleeding-edge iterate e-markets, 24/365 recontextualize models, front-end engineer vortals, granular synthesize applications, strategic brand e-tailers, virtual incentivize systems, value-added mesh architectures, extensible maximize experiences, mission-critical unleash metrics, robust e-enable communities, compelling enhance web services, user-centric monetize deliverables, e-business seize eyeballs, e-business exploit solutions, impactful redefine e-business, distributed expedite systems, best-of-breed maximize communities
      </em>
    </div>
  </div>
</div>
`;
